Script started on 2026-06-10 03:55:44+00:00 [COMMAND="/usr/local/bin/bun expo start --port 8081 --tunnel" <not executed on terminal>]
[90menv: load .env.local[39m
[90menv: export EXPO_PUBLIC_STRIPE_PUBLISHABLE_KEY STRIPE_WEBHOOK_SECRET STRIPE_PRICE_MONTHLY EXPO_PUBLIC_REVENUECAT_IOS_API_KEY EXPO_PUBLIC_REVENUECAT_APPLE_API_KEY REVENUECAT_APPLE_API_KEY EXPO_PUBLIC_REVENUECAT_ANDROID_API_KEY EXPO_PUBLIC_REVENUECAT_GOOGLE_API_KEY REVENUECAT_GOOGLE_API_KEY EXPO_PUBLIC_BLINK_PROJECT_ID EXPO_PUBLIC_BLINK_PUBLISHABLE_KEY BLINK_SECRET_KEY[39m
[90mStarting project at /home/user[39m
[2mStarting Metro Bundler[22m
Tunnel connected.
Tunnel ready.
[33mThe following packages should be updated for best compatibility with the installed [1mexpo[22m version:[39m
[33m  [1mexpo-clipboard[22m[36m@[39m[33m[31m56.0.3[39m[33m - expected version: [32m~8.0.8[39m[33m[39m
[33mYour project may not work correctly until you install the expected versions of the packages.[39m
▄▄▄▄▄▄▄▄▄▄▄▄▄▄▄▄▄▄▄▄▄▄▄▄▄▄▄▄▄▄▄
█ ▄▄▄▄▄ █▄▀ ▀ ▀▀█   ▄██ ▄▄▄▄▄ █
█ █   █ █   █▀  ▀█▀ █ █ █   █ █
█ █▄▄▄█ █▄█▀ ▄▀▀▄ █▄ ▀█ █▄▄▄█ █
█▄▄▄▄▄▄▄█▄█ █ █ ▀▄▀▄█▄█▄▄▄▄▄▄▄█
█▄▄  █▀▄█ █ ▄  ██▀▄█ ▀ ▀▀ ▄ █ █
█ ▄▄██ ▄▀█  ▄▄▄██ ▄██ ▀ ██▀██▀█
██▄▀▀ █▄▄▀ ▄▀ █ ▀▀▄  █▄▀██▀▄ ▀█
█ ▀ ▀▄▄▄▀▄ █ █▄▀▀ █▀ ▄▄█  █▄ ▄█
██ █ █▀▄ ▄  █▄█ ▀██▀▄ ▄█ ▄█▀▀▄█
█▄██▄▀█▄ ██ ▀█   ▀▀ ▀█▄▀▀▄  ▀██
██▄██▄▄▄▄▀████▄▄▄▄ ▀█ ▄▄▄ ▄▄  █
█ ▄▄▄▄▄ ██  ▀▀▀ █▀█▄▄ █▄█ ▄█▄██
█ █   █ █▀▀  █▀█   █▀  ▄▄ ▄ █▀█
█ █▄▄▄█ █ █ █ ▀▄▀▄█▄▄ █▀▀█ ▄▀▄█
█▄▄▄▄▄▄▄█▄██▄███▄▄█▄▄▄██▄█▄█▄██

› Metro waiting on [4mexp://crs0gai-blinknew-8081.exp.direct[24m
› Scan the QR code above with Expo Go (Android) or the Camera app (iOS)

› Web is waiting on [4mhttp://localhost:8081[24m

› Using [36mExpo Go[39m
› Press [1ms[22m [2m│[22m switch to development build

› Press [1ma[22m [2m│[22m open Android
› Press [1mw[22m [2m│[22m open web

› Press [1mj[22m [2m│[22m open debugger
› Press [1mr[22m [2m│[22m reload app
› Press [1mm[22m [2m│[22m toggle menu
› [1mshift+m[22m [2m│[22m more tools
› Press [1mo[22m [2m│[22m open project code in your editor

› Press [1m?[22m [2m│[22m show all commands

Logs for your project will appear below.[2m Press Ctrl+C to exit.[22m
[1mWeb[22m [0m[2mnode_modules/expo-router/[22m[0m[1mentry.js[22m [47m[37m░░░░░░░░░░░░░░░░[39m[49m[1m  0.0% [22m[2m(0/1)[22m
[1mWeb[22m [0m[2mnode_modules/expo-router/[22m[0m[1mentry.js[22m [47m[37m░░░░░░░░░░░░░░░░[39m[49m[1m  0.0% [22m[2m(0/1)[22m
[32m[1mWeb[22m Bundled [39m[2m3625ms[22m[0m[2m node_modules/expo-router/entry.js (3671 modules)[22m[0m
[1mWeb[22m [0m[2mnode_modules/expo-router/[22m[0m[1mentry.js[22m [32m[42m▓▓▓▓▓▓▓▓▓▓▓▓▓▓▓[49m[39m[47m[37m░[39m[49m[1m 99.9% [22m[2m(3671/3671)[22m
[1mWeb[22m [0m[2mnode_modules/expo-router/[22m[0m[1mentry.js[22m [47m[37m░░░░░░░░░░░░░░░░[39m[49m[1m  0.0% [22m[2m(0/1)[22m
[1mWeb[22m [0m[2mnode_modules/expo-router/[22m[0m[1mentry.js[22m [47m[37m░░░░░░░░░░░░░░░░[39m[49m[1m  0.0% [22m[2m(0/1)[22m
[32m[1mWeb[22m Bundled [39m[2m5065ms[22m[0m[2m node_modules/expo-router/entry.js (1 module)[22m[0m
[32m[1mWeb[22m Bundled [39m[2m7824ms[22m[0m[2m node_modules/expo-router/entry.js (1 module)[22m[0m
[7m[37m[1m LOG [22m[39m[27m [web] Logs will appear in the browser console
Tunnel connected.
[0m[31merror[0m: Failed to run "[1mexpo[0m" due to signal [1mSIGKILL[0m

Script done on 2026-06-10 15:50:34+00:00 [COMMAND_EXIT_CODE="137"]
